StaffName                                           MonthlySalary
--------------------------------------------------- ---------------------
Viescas Suzanne                                     3666.6666
Hallmark Gary                                       4416.6666
Smith Jeffrey                                       4333.3333
Patterson Ann                                       3750.00
Brown Robert                                        4083.3333
Waldal Deb                                          3666.6666
Brehm Peter                                         5000.00
Sergienko Mariya                                    3750.00
Glynn Jim                                           3750.00
Smith Tim                                           3333.3333
Viescas Carol                                       4166.6666
Hallmark Alaina                                     4750.00
Keyser Liz                                          4000.00
Abolrous Sam                                        5000.00
Wilson Jim                                          4166.6666
Smith David                                         4333.3333
Patterson Kathryn                                   2083.3333
Hernandez Michael                                   5000.00
Bonnicksen Joyce                                    5000.00
Ehrlich Katherine                                   3750.00
Viescas Caleb                                       3750.00
Black Alastair                                      5000.00
Rosales III Joe                                     2916.6666
Patterson Maria                                     4000.00
Coie Caroline                                       4333.3333
DeGrasse Kirk                                       3750.00
Patterson Luke                                      4666.6666

(27 rows affected)


Completion time: 2019-12-02T15:12:48.9255492-05:00
