Product Cost Changes	
Product Name	Nbr
	
All-Purpose Bike Stand	1
AWC Logo Cap	3
Bike Wash - Dissolver	1
Cable Lock	1
Chain	1
"Classic Vest, L"	1
"Classic Vest, M"	1
"Classic Vest, S"	1
Fender Set - Mountain	1
Front Brakes	1
Front Derailleur	1
"Full-Finger Gloves, L"	1
"Full-Finger Gloves, M"	1
"Full-Finger Gloves, S"	1
"Half-Finger Gloves, L"	2
"Half-Finger Gloves, M"	2
"Half-Finger Gloves, S"	2
Headlights - Dual-Beam	1
Headlights - Weatherproof	1
Hitch Rack - 4-Bike	1
HL Bottom Bracket	1
HL Crankset	1
HL Fork	1
HL Headset	1
"HL Mountain Frame - Black, 38"	3
"HL Mountain Frame - Black, 42"	3
"HL Mountain Frame - Black, 44"	1
"HL Mountain Frame - Black, 46"	3
"HL Mountain Frame - Black, 48"	1
"HL Mountain Frame - Silver, 38"	3
"HL Mountain Frame - Silver, 42"	3
"HL Mountain Frame - Silver, 44"	1
"HL Mountain Frame - Silver, 46"	3
"HL Mountain Frame - Silver, 48"	1
HL Mountain Front Wheel	1
HL Mountain Handlebars	2
HL Mountain Pedal	1
HL Mountain Rear Wheel	1
HL Mountain Seat/Saddle	1
HL Mountain Tire	1
"HL Road Frame - Black, 44"	2
"HL Road Frame - Black, 48"	2
"HL Road Frame - Black, 52"	2
"HL Road Frame - Black, 62"	2
"HL Road Frame - Red, 44"	3
"HL Road Frame - Red, 48"	3
"HL Road Frame - Red, 52"	3
"HL Road Frame - Red, 56"	3
"HL Road Frame - Red, 62"	3
HL Road Front Wheel	1
HL Road Handlebars	2
HL Road Pedal	1
HL Road Rear Wheel	1
HL Road Seat/Saddle	1
HL Road Tire	1
"HL Touring Frame - Blue, 46"	1
"HL Touring Frame - Blue, 50"	1
"HL Touring Frame - Blue, 54"	1
"HL Touring Frame - Blue, 60"	1
"HL Touring Frame - Yellow, 46"	1
"HL Touring Frame - Yellow, 50"	1
"HL Touring Frame - Yellow, 54"	1
"HL Touring Frame - Yellow, 60"	1
HL Touring Handlebars	1
HL Touring Seat/Saddle	1
Hydration Pack - 70 oz.	1
LL Bottom Bracket	1
LL Crankset	1
LL Fork	1
LL Headset	1
"LL Mountain Frame - Black, 40"	1
"LL Mountain Frame - Black, 42"	1
"LL Mountain Frame - Black, 44"	1
"LL Mountain Frame - Black, 48"	1
"LL Mountain Frame - Black, 52"	1
"LL Mountain Frame - Silver, 40"	1
"LL Mountain Frame - Silver, 42"	1
"LL Mountain Frame - Silver, 44"	1
"LL Mountain Frame - Silver, 48"	1
"LL Mountain Frame - Silver, 52"	1
LL Mountain Front Wheel	1
LL Mountain Handlebars	2
LL Mountain Pedal	1
LL Mountain Rear Wheel	1
LL Mountain Seat/Saddle	1
LL Mountain Tire	1
"LL Road Frame - Black, 44"	3
"LL Road Frame - Black, 48"	3
"LL Road Frame - Black, 52"	3
"LL Road Frame - Black, 58"	3
"LL Road Frame - Black, 60"	3
"LL Road Frame - Black, 62"	3
"LL Road Frame - Red, 44"	2
"LL Road Frame - Red, 48"	2
"LL Road Frame - Red, 52"	2
"LL Road Frame - Red, 58"	2
"LL Road Frame - Red, 60"	2
"LL Road Frame - Red, 62"	2
LL Road Front Wheel	1
LL Road Handlebars	2
LL Road Pedal	1
LL Road Rear Wheel	1
LL Road Seat/Saddle	1
LL Road Tire	1
"LL Touring Frame - Blue, 44"	1
"LL Touring Frame - Blue, 50"	1
"LL Touring Frame - Blue, 54"	1
"LL Touring Frame - Blue, 58"	1
"LL Touring Frame - Blue, 62"	1
"LL Touring Frame - Yellow, 44"	1
"LL Touring Frame - Yellow, 50"	1
"LL Touring Frame - Yellow, 54"	1
"LL Touring Frame - Yellow, 58"	1
"LL Touring Frame - Yellow, 62"	1
LL Touring Handlebars	1
LL Touring Seat/Saddle	1
"Long-Sleeve Logo Jersey, L"	3
"Long-Sleeve Logo Jersey, M"	3
"Long-Sleeve Logo Jersey, S"	3
"Long-Sleeve Logo Jersey, XL"	3
"Men's Bib-Shorts, L"	1
"Men's Bib-Shorts, M"	1
"Men's Bib-Shorts, S"	1
"Men's Sports Shorts, L"	1
"Men's Sports Shorts, M"	1
"Men's Sports Shorts, S"	1
"Men's Sports Shorts, XL"	1
Minipump	1
ML Bottom Bracket	1
ML Crankset	1
ML Fork	1
ML Headset	1
"ML Mountain Frame - Black, 38"	1
"ML Mountain Frame - Black, 40"	1
"ML Mountain Frame - Black, 44"	1
"ML Mountain Frame - Black, 48"	1
"ML Mountain Frame-W - Silver, 38"	1
"ML Mountain Frame-W - Silver, 40"	1
"ML Mountain Frame-W - Silver, 42"	1
"ML Mountain Frame-W - Silver, 46"	1
ML Mountain Front Wheel	1
ML Mountain Handlebars	2
ML Mountain Pedal	1
ML Mountain Rear Wheel	1
ML Mountain Seat/Saddle	1
ML Mountain Tire	1
"ML Road Frame - Red, 44"	1
"ML Road Frame - Red, 48"	1
"ML Road Frame - Red, 52"	1
"ML Road Frame - Red, 58"	1
"ML Road Frame - Red, 60"	1
"ML Road Frame-W - Yellow, 38"	2
"ML Road Frame-W - Yellow, 40"	2
"ML Road Frame-W - Yellow, 42"	2
"ML Road Frame-W - Yellow, 44"	2
"ML Road Frame-W - Yellow, 48"	2
ML Road Front Wheel	1
ML Road Handlebars	2
ML Road Pedal	1
ML Road Rear Wheel	1
ML Road Seat/Saddle	1
ML Road Tire	1
ML Touring Seat/Saddle	1
"Mountain Bike Socks, L"	1
"Mountain Bike Socks, M"	1
Mountain Bottle Cage	1
Mountain Pump	1
Mountain Tire Tube	1
"Mountain-100 Black, 38"	1
"Mountain-100 Black, 42"	1
"Mountain-100 Black, 44"	1
"Mountain-100 Black, 48"	1
"Mountain-100 Silver, 38"	1
"Mountain-100 Silver, 42"	1
"Mountain-100 Silver, 44"	1
"Mountain-100 Silver, 48"	1
"Mountain-200 Black, 38"	2
"Mountain-200 Black, 42"	2
"Mountain-200 Black, 46"	2
"Mountain-200 Silver, 38"	2
"Mountain-200 Silver, 42"	2
"Mountain-200 Silver, 46"	2
"Mountain-300 Black, 38"	1
"Mountain-300 Black, 40"	1
"Mountain-300 Black, 44"	1
"Mountain-300 Black, 48"	1
"Mountain-400-W Silver, 38"	1
"Mountain-400-W Silver, 40"	1
"Mountain-400-W Silver, 42"	1
"Mountain-400-W Silver, 46"	1
"Mountain-500 Black, 40"	1
"Mountain-500 Black, 42"	1
"Mountain-500 Black, 44"	1
"Mountain-500 Black, 48"	1
"Mountain-500 Black, 52"	1
"Mountain-500 Silver, 40"	1
"Mountain-500 Silver, 42"	1
"Mountain-500 Silver, 44"	1
"Mountain-500 Silver, 48"	1
"Mountain-500 Silver, 52"	1
Patch Kit/8 Patches	1
"Racing Socks, L"	1
"Racing Socks, M"	1
Rear Brakes	1
Rear Derailleur	1
Road Bottle Cage	1
Road Tire Tube	1
"Road-150 Red, 44"	1
"Road-150 Red, 48"	1
"Road-150 Red, 52"	1
"Road-150 Red, 56"	1
"Road-150 Red, 62"	1
"Road-250 Black, 44"	2
"Road-250 Black, 48"	2
"Road-250 Black, 52"	2
"Road-250 Black, 58"	2
"Road-250 Red, 44"	1
"Road-250 Red, 48"	1
"Road-250 Red, 52"	1
"Road-250 Red, 58"	2
"Road-350-W Yellow, 40"	1
"Road-350-W Yellow, 42"	1
"Road-350-W Yellow, 44"	1
"Road-350-W Yellow, 48"	1
"Road-450 Red, 44"	1
"Road-450 Red, 48"	1
"Road-450 Red, 52"	1
"Road-450 Red, 58"	1
"Road-450 Red, 60"	1
"Road-550-W Yellow, 38"	2
"Road-550-W Yellow, 40"	2
"Road-550-W Yellow, 42"	2
"Road-550-W Yellow, 44"	2
"Road-550-W Yellow, 48"	2
"Road-650 Black, 44"	2
"Road-650 Black, 48"	2
"Road-650 Black, 52"	2
"Road-650 Black, 58"	2
"Road-650 Black, 60"	2
"Road-650 Black, 62"	2
"Road-650 Red, 44"	2
"Road-650 Red, 48"	2
"Road-650 Red, 52"	2
"Road-650 Red, 58"	2
"Road-650 Red, 60"	2
"Road-650 Red, 62"	2
"Road-750 Black, 44"	1
"Road-750 Black, 48"	1
"Road-750 Black, 52"	1
"Road-750 Black, 58"	1
"Short-Sleeve Classic Jersey, L"	1
"Short-Sleeve Classic Jersey, M"	1
"Short-Sleeve Classic Jersey, S"	1
"Short-Sleeve Classic Jersey, XL"	1
"Sport-100 Helmet, Black"	3
"Sport-100 Helmet, Blue"	3
"Sport-100 Helmet, Red"	3
Taillights - Battery-Powered	1
Touring Front Wheel	1
Touring Pedal	1
Touring Rear Wheel	1
Touring Tire	1
Touring Tire Tube	1
"Touring-1000 Blue, 46"	1
"Touring-1000 Blue, 50"	1
"Touring-1000 Blue, 54"	1
"Touring-1000 Blue, 60"	1
"Touring-1000 Yellow, 46"	1
"Touring-1000 Yellow, 50"	1
"Touring-1000 Yellow, 54"	1
"Touring-1000 Yellow, 60"	1
"Touring-2000 Blue, 46"	1
"Touring-2000 Blue, 50"	1
"Touring-2000 Blue, 54"	1
"Touring-2000 Blue, 60"	1
"Touring-3000 Blue, 44"	1
"Touring-3000 Blue, 50"	1
"Touring-3000 Blue, 54"	1
"Touring-3000 Blue, 58"	1
"Touring-3000 Blue, 62"	1
"Touring-3000 Yellow, 44"	1
"Touring-3000 Yellow, 50"	1
"Touring-3000 Yellow, 54"	1
"Touring-3000 Yellow, 58"	1
"Touring-3000 Yellow, 62"	1
"Touring-Panniers, Large"	1
Water Bottle - 30 oz.	1
"Women's Mountain Shorts, L"	1
"Women's Mountain Shorts, M"	1
"Women's Mountain Shorts, S"	1
"Women's Tights, L"	1
"Women's Tights, M"	1
"Women's Tights, S"	1
	
Total	395
